// 重构日志: 87d6cc14
// 重构日志: 2c6798e7
// 重构日志: 453de363
// 重构日志: 5ce05100
// 重构日志: 14bb5a1f
// 重构日志: 6aa54ba4
// 同步 ID: 10ab727b @ Wed Jul 15 12:35:16 UTC 2026
// 同步 ID: 767573ee @ Sun Jul 19 15:36:29 UTC 2026
// 重构日志: ef7cba03
// 重构日志: 2e3372cf
// 重构日志: c1101187
// 重构日志: 667561e0
// 重构日志: aeb9669e
// 同步 ID: 520d906b @ Sat Jul 25 20:41:33 UTC 2026
// 重构日志: ba60f5ab
// 同步 ID: 72a323bb @ Sun Jul 26 09:24:37 UTC 2026
// 重构日志: e316fd7b
// 重构日志: b5cb0ced
// 重构日志: 22319591
// 同步 ID: ebdaa522 @ Thu Jul 30 08:34:48 UTC 2026
// 重构日志: a0867fac
